// Jest Snapshot v1, https://goo.gl/fbAQLP

exports[`Connection should render correctly 1`] = `
<DocumentFragment>
  <svg
    height="2000"
    width="2000"
  >
    <g>
      <path
        class="connector"
        d="
        M-400,-88 
        L-26,-88 
        Q-6,-88 -6,-108 
        L-6,-268
        Q-6,-288 14,-288
        L388,-288
    "
        fill="none"
        stroke="#424763"
        stroke-width="2"
      />
      <path
        class="port"
        d="M-400,-88,-398,-88"
        fill="none"
        stroke="#424763"
        stroke-width="8"
      />
      <path
        class="port"
        d="M386,-288,388,-288"
        fill="none"
        stroke="#424763"
        stroke-width="8"
      />
    </g>
  </svg>
</DocumentFragment>
`;
