// Jest Snapshot v1, https://goo.gl/fbAQLP

exports[`Canvas should render correctly 1`] = `
<DocumentFragment>
  .emotion-0 {
  position: relative;
  width: 100%;
  height: 100%;
  overflow: auto;
}

.emotion-1 {
  position: absolute;
  top: 0;
  left: 0;
  width: 10000px;
  height: 10000px;
  background-image: radial-gradient(#434437 5%, #1c1e2a 5%);
  -webkit-background-position: 0 0;
  background-position: 0 0;
  -webkit-background-size: 30px 30px;
  background-size: 30px 30px;
  -webkit-transform: scale(1.5);
  -moz-transform: scale(1.5);
  -ms-transform: scale(1.5);
  transform: scale(1.5);
  transform-origin: 0 0;
}

<div
    class="emotion-0"
  >
    <div
      class="canvas emotion-1"
    />
  </div>
</DocumentFragment>
`;
